авторизация
авторизации
авторизации
авторизацию
авторизацией
авторизации
авторизации
авторизаций
авторизациям
авторизации
авторизациями
авторизациях
активный
активного
активному
активного
активным
активном
активная
активной
активной
активную
активной
активной
активное
активного
активному
активное
активным
активном
ассемблирую
ассемблируем
ассемблируешь
ассемблируете
ассемблирует
ассемблируют
